// Jest Snapshot v1, https://goo.gl/fbAQLP

exports[`<PaletteCreate> matches snapshot 1`] = `<div />`;
